src/pages/decentralization/HeroSection.tsx(2,10): error TS6133: 'CircleDot' is declared but its value is never read.
src/pages/home/HeroSection.tsx(1,36): error TS6133: 'useState' is declared but its value is never read.
